<?xml version="1.0" encoding="UTF-8"?>
<testsuites name="Mocha Tests" time="0.002" tests="3" failures="3">
  <testsuite name="Root Suite" timestamp="2018-12-11T19:15:37" tests="0" failures="0" time="0">
  </testsuite>
  <testsuite name="Calculator" timestamp="2018-12-11T19:15:37" tests="0" file="D:\PHP\woocomerce-notice\test\test.js" failures="0" time="0">
  </testsuite>
  <testsuite name="add" timestamp="2018-12-11T19:15:37" tests="3" file="D:\PHP\woocomerce-notice\test\test.js" failures="3" time="0.002">
    <testcase name="Calculator add 1 + 1 should return 2" time="0.001" classname="1 + 1 should return 2">
      <failure message="calc is not defined" type="ReferenceError"><![CDATA[ReferenceError: calc is not defined
    at Context.<anonymous> (test\test.js:9:20)]]></failure>
    </testcase>
    <testcase name="Calculator add 1 + 2 should return 3" time="0.001" classname="1 + 2 should return 3">
      <failure message="calc is not defined" type="ReferenceError"><![CDATA[ReferenceError: calc is not defined
    at Context.<anonymous> (test\test.js:13:20)]]></failure>
    </testcase>
    <testcase name="Calculator add 1 + 3 should return 4" time="0" classname="1 + 3 should return 4">
      <failure message="calc is not defined" type="ReferenceError"><![CDATA[ReferenceError: calc is not defined
    at Context.<anonymous> (test\test.js:17:20)]]></failure>
    </testcase>
  </testsuite>
</testsuites>